Analysis & Synthesis report for RISC_pipelined
Sun Nov  3 03:02:17 2019
Quartus Prime Version 18.1.0 Build 625 09/12/2018 SJ Lite Edition


---------------------
; Table of Contents ;
---------------------
  1. Legal Notice
  2. Analysis & Synthesis Summary
  3. Analysis & Synthesis Settings
  4. Parallel Compilation
  5. Analysis & Synthesis Source Files Read
  6. Analysis & Synthesis Resource Usage Summary
  7. Analysis & Synthesis Resource Utilization by Entity
  8. Analysis & Synthesis RAM Summary
  9. General Register Statistics
 10. Registers Packed Into Inferred Megafunctions
 11. Multiplexer Restructuring Statistics (Restructuring Performed)
 12. Source assignments for memory1:code_mem|altsyncram:Memory_rtl_0|altsyncram_2c81:auto_generated
 13. Parameter Settings for Inferred Entity Instance: memory1:code_mem|altsyncram:Memory_rtl_0
 14. altsyncram Parameter Settings by Entity Instance
 15. Port Connectivity Checks: "memory1:code_mem"
 16. Port Connectivity Checks: "ALU:pc_alu|MUX_4:mux_alu"
 17. Port Connectivity Checks: "ALU:pc_alu|subtractor_16bit:subtractor|adder_16bit:sub_add"
 18. Port Connectivity Checks: "ALU:pc_alu|subtractor_16bit:subtractor|TwosCompliment:tc|adder_16bit:fa"
 19. Port Connectivity Checks: "ALU:pc_alu"
 20. Post-Synthesis Netlist Statistics for Top Partition
 21. Elapsed Time Per Partition
 22. Analysis & Synthesis Messages



----------------
; Legal Notice ;
----------------
Copyright (C) 2018  Intel Corporation. All rights reserved.
Your use of Intel Corporation's design tools, logic functions 
and other software and tools, and its AMPP partner logic 
functions, and any output files from any of the foregoing 
(including device programming or simulation files), and any 
associated documentation or information are expressly subject 
to the terms and conditions of the Intel Program License 
Subscription Agreement, the Intel Quartus Prime License Agreement,
the Intel FPGA IP License Agreement, or other applicable license
agreement, including, without limitation, that your use is for
the sole purpose of programming logic devices manufactured by
Intel and sold by Intel or its authorized distributors.  Please
refer to the applicable agreement for further details.



+----------------------------------------------------------------------------------+
; Analysis & Synthesis Summary                                                     ;
+------------------------------------+---------------------------------------------+
; Analysis & Synthesis Status        ; Successful - Sun Nov  3 03:02:17 2019       ;
; Quartus Prime Version              ; 18.1.0 Build 625 09/12/2018 SJ Lite Edition ;
; Revision Name                      ; RISC_pipelined                              ;
; Top-level Entity Name              ; stage1                                      ;
; Family                             ; Cyclone IV E                                ;
; Total logic elements               ; 48                                          ;
;     Total combinational functions  ; 31                                          ;
;     Dedicated logic registers      ; 33                                          ;
; Total registers                    ; 33                                          ;
; Total pins                         ; 70                                          ;
; Total virtual pins                 ; 0                                           ;
; Total memory bits                  ; 1,616                                       ;
; Embedded Multiplier 9-bit elements ; 0                                           ;
; Total PLLs                         ; 0                                           ;
+------------------------------------+---------------------------------------------+


+------------------------------------------------------------------------------------------------------------+
; Analysis & Synthesis Settings                                                                              ;
+------------------------------------------------------------------+--------------------+--------------------+
; Option                                                           ; Setting            ; Default Value      ;
+------------------------------------------------------------------+--------------------+--------------------+
; Device                                                           ; EP4CE22F17C6       ;                    ;
; Top-level entity name                                            ; stage1             ; RISC_pipelined     ;
; Family name                                                      ; Cyclone IV E       ; Cyclone V          ;
; Use smart compilation                                            ; Off                ; Off                ;
; Enable parallel Assembler and Timing Analyzer during compilation ; On                 ; On                 ;
; Enable compact report table                                      ; Off                ; Off                ;
; Restructure Multiplexers                                         ; Auto               ; Auto               ;
; Create Debugging Nodes for IP Cores                              ; Off                ; Off                ;
; Preserve fewer node names                                        ; On                 ; On                 ;
; Intel FPGA IP Evaluation Mode                                    ; Enable             ; Enable             ;
; Verilog Version                                                  ; Verilog_2001       ; Verilog_2001       ;
; VHDL Version                                                     ; VHDL_1993          ; VHDL_1993          ;
; State Machine Processing                                         ; Auto               ; Auto               ;
; Safe State Machine                                               ; Off                ; Off                ;
; Extract Verilog State Machines                                   ; On                 ; On                 ;
; Extract VHDL State Machines                                      ; On                 ; On                 ;
; Ignore Verilog initial constructs                                ; Off                ; Off                ;
; Iteration limit for constant Verilog loops                       ; 5000               ; 5000               ;
; Iteration limit for non-constant Verilog loops                   ; 250                ; 250                ;
; Add Pass-Through Logic to Inferred RAMs                          ; On                 ; On                 ;
; Infer RAMs from Raw Logic                                        ; On                 ; On                 ;
; Parallel Synthesis                                               ; On                 ; On                 ;
; DSP Block Balancing                                              ; Auto               ; Auto               ;
; NOT Gate Push-Back                                               ; On                 ; On                 ;
; Power-Up Don't Care                                              ; On                 ; On                 ;
; Remove Redundant Logic Cells                                     ; Off                ; Off                ;
; Remove Duplicate Registers                                       ; On                 ; On                 ;
; Ignore CARRY Buffers                                             ; Off                ; Off                ;
; Ignore CASCADE Buffers                                           ; Off                ; Off                ;
; Ignore GLOBAL Buffers                                            ; Off                ; Off                ;
; Ignore ROW GLOBAL Buffers                                        ; Off                ; Off                ;
; Ignore LCELL Buffers                                             ; Off                ; Off                ;
; Ignore SOFT Buffers                                              ; On                 ; On                 ;
; Limit AHDL Integers to 32 Bits                                   ; Off                ; Off                ;
; Optimization Technique                                           ; Balanced           ; Balanced           ;
; Carry Chain Length                                               ; 70                 ; 70                 ;
; Auto Carry Chains                                                ; On                 ; On                 ;
; Auto Open-Drain Pins                                             ; On                 ; On                 ;
; Perform WYSIWYG Primitive Resynthesis                            ; Off                ; Off                ;
; Auto ROM Replacement                                             ; On                 ; On                 ;
; Auto RAM Replacement                                             ; On                 ; On                 ;
; Auto DSP Block Replacement                                       ; On                 ; On                 ;
; Auto Shift Register Replacement                                  ; Auto               ; Auto               ;
; Allow Shift Register Merging across Hierarchies                  ; Auto               ; Auto               ;
; Auto Clock Enable Replacement                                    ; On                 ; On                 ;
; Strict RAM Replacement                                           ; Off                ; Off                ;
; Allow Synchronous Control Signals                                ; On                 ; On                 ;
; Force Use of Synchronous Clear Signals                           ; Off                ; Off                ;
; Auto RAM Block Balancing                                         ; On                 ; On                 ;
; Auto RAM to Logic Cell Conversion                                ; Off                ; Off                ;
; Auto Resource Sharing                                            ; Off                ; Off                ;
; Allow Any RAM Size For Recognition                               ; Off                ; Off                ;
; Allow Any ROM Size For Recognition                               ; Off                ; Off                ;
; Allow Any Shift Register Size For Recognition                    ; Off                ; Off                ;
; Use LogicLock Constraints during Resource Balancing              ; On                 ; On                 ;
; Ignore translate_off and synthesis_off directives                ; Off                ; Off                ;
; Timing-Driven Synthesis                                          ; On                 ; On                 ;
; Report Parameter Settings                                        ; On                 ; On                 ;
; Report Source Assignments                                        ; On                 ; On                 ;
; Report Connectivity Checks                                       ; On                 ; On                 ;
; Ignore Maximum Fan-Out Assignments                               ; Off                ; Off                ;
; Synchronization Register Chain Length                            ; 2                  ; 2                  ;
; Power Optimization During Synthesis                              ; Normal compilation ; Normal compilation ;
; HDL message level                                                ; Level2             ; Level2             ;
; Suppress Register Optimization Related Messages                  ; Off                ; Off                ;
; Number of Removed Registers Reported in Synthesis Report         ; 5000               ; 5000               ;
; Number of Swept Nodes Reported in Synthesis Report               ; 5000               ; 5000               ;
; Number of Inverted Registers Reported in Synthesis Report        ; 100                ; 100                ;
; Clock MUX Protection                                             ; On                 ; On                 ;
; Auto Gated Clock Conversion                                      ; Off                ; Off                ;
; Block Design Naming                                              ; Auto               ; Auto               ;
; SDC constraint protection                                        ; Off                ; Off                ;
; Synthesis Effort                                                 ; Auto               ; Auto               ;
; Shift Register Replacement - Allow Asynchronous Clear Signal     ; On                 ; On                 ;
; Pre-Mapping Resynthesis Optimization                             ; Off                ; Off                ;
; Analysis & Synthesis Message Level                               ; Medium             ; Medium             ;
; Disable Register Merging Across Hierarchies                      ; Auto               ; Auto               ;
; Resource Aware Inference For Block RAM                           ; On                 ; On                 ;
+------------------------------------------------------------------+--------------------+--------------------+


+------------------------------------------+
; Parallel Compilation                     ;
+----------------------------+-------------+
; Processors                 ; Number      ;
+----------------------------+-------------+
; Number detected on machine ; 4           ;
; Maximum allowed            ; 2           ;
;                            ;             ;
; Average used               ; 1.00        ;
; Maximum used               ; 2           ;
;                            ;             ;
; Usage by Processor         ; % Time Used ;
;     Processor 1            ; 100.0%      ;
;     Processor 2            ;   0.0%      ;
+----------------------------+-------------+


+-----------------------------------------------------------------------------------------------------------------------------------------------------------------------------------------------------------------------------+
; Analysis & Synthesis Source Files Read                                                                                                                                                                                      ;
+-------------------------------------------------+-----------------+-------------------------------------------------------+---------------------------------------------------------------------------------------+---------+
; File Name with User-Entered Path                ; Used in Netlist ; File Type                                             ; File Name with Absolute Path                                                          ; Library ;
+-------------------------------------------------+-----------------+-------------------------------------------------------+---------------------------------------------------------------------------------------+---------+
; codes/ALU.vhdl                                  ; yes             ; User VHDL File                                        ; /home/parth/RISCwithPipelining/codes/ALU.vhdl                                         ;         ;
; codes/stage1.vhd                                ; yes             ; User VHDL File                                        ; /home/parth/RISCwithPipelining/codes/stage1.vhd                                       ;         ;
; codes/memory.vhd                                ; yes             ; User VHDL File                                        ; /home/parth/RISCwithPipelining/codes/memory.vhd                                       ;         ;
; altsyncram.tdf                                  ; yes             ; Megafunction                                          ; /home/parth/intelFPGA_lite/18.1/quartus/libraries/megafunctions/altsyncram.tdf        ;         ;
; stratix_ram_block.inc                           ; yes             ; Megafunction                                          ; /home/parth/intelFPGA_lite/18.1/quartus/libraries/megafunctions/stratix_ram_block.inc ;         ;
; lpm_mux.inc                                     ; yes             ; Megafunction                                          ; /home/parth/intelFPGA_lite/18.1/quartus/libraries/megafunctions/lpm_mux.inc           ;         ;
; lpm_decode.inc                                  ; yes             ; Megafunction                                          ; /home/parth/intelFPGA_lite/18.1/quartus/libraries/megafunctions/lpm_decode.inc        ;         ;
; aglobal181.inc                                  ; yes             ; Megafunction                                          ; /home/parth/intelFPGA_lite/18.1/quartus/libraries/megafunctions/aglobal181.inc        ;         ;
; a_rdenreg.inc                                   ; yes             ; Megafunction                                          ; /home/parth/intelFPGA_lite/18.1/quartus/libraries/megafunctions/a_rdenreg.inc         ;         ;
; altrom.inc                                      ; yes             ; Megafunction                                          ; /home/parth/intelFPGA_lite/18.1/quartus/libraries/megafunctions/altrom.inc            ;         ;
; altram.inc                                      ; yes             ; Megafunction                                          ; /home/parth/intelFPGA_lite/18.1/quartus/libraries/megafunctions/altram.inc            ;         ;
; altdpram.inc                                    ; yes             ; Megafunction                                          ; /home/parth/intelFPGA_lite/18.1/quartus/libraries/megafunctions/altdpram.inc          ;         ;
; db/altsyncram_2c81.tdf                          ; yes             ; Auto-Generated Megafunction                           ; /home/parth/RISCwithPipelining/db/altsyncram_2c81.tdf                                 ;         ;
; db/RISC_pipelined.ram0_memory1_5f521577.hdl.mif ; yes             ; Auto-Generated Auto-Found Memory Initialization File  ; /home/parth/RISCwithPipelining/db/RISC_pipelined.ram0_memory1_5f521577.hdl.mif        ;         ;
+-------------------------------------------------+-----------------+-------------------------------------------------------+---------------------------------------------------------------------------------------+---------+


+---------------------------------------------------------+
; Analysis & Synthesis Resource Usage Summary             ;
+---------------------------------------------+-----------+
; Resource                                    ; Usage     ;
+---------------------------------------------+-----------+
; Estimated Total logic elements              ; 48        ;
;                                             ;           ;
; Total combinational functions               ; 31        ;
; Logic element usage by number of LUT inputs ;           ;
;     -- 4 input functions                    ; 21        ;
;     -- 3 input functions                    ; 8         ;
;     -- <=2 input functions                  ; 2         ;
;                                             ;           ;
; Logic elements by mode                      ;           ;
;     -- normal mode                          ; 31        ;
;     -- arithmetic mode                      ; 0         ;
;                                             ;           ;
; Total registers                             ; 33        ;
;     -- Dedicated logic registers            ; 33        ;
;     -- I/O registers                        ; 0         ;
;                                             ;           ;
; I/O pins                                    ; 70        ;
; Total memory bits                           ; 1616      ;
;                                             ;           ;
; Embedded Multiplier 9-bit elements          ; 0         ;
;                                             ;           ;
; Maximum fan-out node                        ; clk~input ;
; Maximum fan-out                             ; 49        ;
; Total fan-out                               ; 490       ;
; Average fan-out                             ; 2.23      ;
+---------------------------------------------+-----------+


+-----------------------------------------------------------------------------------------------------------------------------------------------------------------------------------------------------------------------------------------------------------------------------------------+
; Analysis & Synthesis Resource Utilization by Entity                                                                                                                                                                                                                                     ;
+-------------------------------------------+---------------------+---------------------------+-------------+--------------+---------+-----------+------+--------------+---------------------------------------------------------------------------------+-----------------+--------------+
; Compilation Hierarchy Node                ; Combinational ALUTs ; Dedicated Logic Registers ; Memory Bits ; DSP Elements ; DSP 9x9 ; DSP 18x18 ; Pins ; Virtual Pins ; Full Hierarchy Name                                                             ; Entity Name     ; Library Name ;
+-------------------------------------------+---------------------+---------------------------+-------------+--------------+---------+-----------+------+--------------+---------------------------------------------------------------------------------+-----------------+--------------+
; |stage1                                   ; 31 (19)             ; 33 (33)                   ; 1616        ; 0            ; 0       ; 0         ; 70   ; 0            ; |stage1                                                                         ; stage1          ; work         ;
;    |ALU:pc_alu|                           ; 12 (0)              ; 0 (0)                     ; 0           ; 0            ; 0       ; 0         ; 0    ; 0            ; |stage1|ALU:pc_alu                                                              ; ALU             ; work         ;
;       |adder_16bit:add|                   ; 12 (12)             ; 0 (0)                     ; 0           ; 0            ; 0       ; 0         ; 0    ; 0            ; |stage1|ALU:pc_alu|adder_16bit:add                                              ; adder_16bit     ; work         ;
;    |memory1:code_mem|                     ; 0 (0)               ; 0 (0)                     ; 1616        ; 0            ; 0       ; 0         ; 0    ; 0            ; |stage1|memory1:code_mem                                                        ; memory1         ; work         ;
;       |altsyncram:Memory_rtl_0|           ; 0 (0)               ; 0 (0)                     ; 1616        ; 0            ; 0       ; 0         ; 0    ; 0            ; |stage1|memory1:code_mem|altsyncram:Memory_rtl_0                                ; altsyncram      ; work         ;
;          |altsyncram_2c81:auto_generated| ; 0 (0)               ; 0 (0)                     ; 1616        ; 0            ; 0       ; 0         ; 0    ; 0            ; |stage1|memory1:code_mem|altsyncram:Memory_rtl_0|altsyncram_2c81:auto_generated ; altsyncram_2c81 ; work         ;
+-------------------------------------------+---------------------+---------------------------+-------------+--------------+---------+-----------+------+--------------+---------------------------------------------------------------------------------+-----------------+--------------+
Note: For table entries with two numbers listed, the numbers in parentheses indicate the number of resources of the given type used by the specific entity alone. The numbers listed outside of parentheses indicate the total resources of the given type used by the specific entity and all of its sub-entities in the hierarchy.


+-----------------------------------------------------------------------------------------------------------------------------------------------------------------------------------------------------------------------+
; Analysis & Synthesis RAM Summary                                                                                                                                                                                      ;
+------------------------------------------------------------------------------------+------+------+--------------+--------------+--------------+--------------+------+-------------------------------------------------+
; Name                                                                               ; Type ; Mode ; Port A Depth ; Port A Width ; Port B Depth ; Port B Width ; Size ; MIF                                             ;
+------------------------------------------------------------------------------------+------+------+--------------+--------------+--------------+--------------+------+-------------------------------------------------+
; memory1:code_mem|altsyncram:Memory_rtl_0|altsyncram_2c81:auto_generated|ALTSYNCRAM ; AUTO ; ROM  ; 101          ; 16           ; --           ; --           ; 1616 ; db/RISC_pipelined.ram0_memory1_5f521577.hdl.mif ;
+------------------------------------------------------------------------------------+------+------+--------------+--------------+--------------+--------------+------+-------------------------------------------------+


+------------------------------------------------------+
; General Register Statistics                          ;
+----------------------------------------------+-------+
; Statistic                                    ; Value ;
+----------------------------------------------+-------+
; Total registers                              ; 33    ;
; Number of registers using Synchronous Clear  ; 0     ;
; Number of registers using Synchronous Load   ; 16    ;
; Number of registers using Asynchronous Clear ; 16    ;
; Number of registers using Asynchronous Load  ; 0     ;
; Number of registers using Clock Enable       ; 17    ;
; Number of registers using Preset             ; 0     ;
+----------------------------------------------+-------+


+------------------------------------------------------+
; Registers Packed Into Inferred Megafunctions         ;
+---------------+-------------------------------+------+
; Register Name ; Megafunction                  ; Type ;
+---------------+-------------------------------+------+
; ir[0]~reg0    ; memory1:code_mem|Memory_rtl_0 ; RAM  ;
; ir[1]~reg0    ; memory1:code_mem|Memory_rtl_0 ; RAM  ;
; ir[2]~reg0    ; memory1:code_mem|Memory_rtl_0 ; RAM  ;
; ir[3]~reg0    ; memory1:code_mem|Memory_rtl_0 ; RAM  ;
; ir[4]~reg0    ; memory1:code_mem|Memory_rtl_0 ; RAM  ;
; ir[5]~reg0    ; memory1:code_mem|Memory_rtl_0 ; RAM  ;
; ir[6]~reg0    ; memory1:code_mem|Memory_rtl_0 ; RAM  ;
; ir[7]~reg0    ; memory1:code_mem|Memory_rtl_0 ; RAM  ;
; ir[8]~reg0    ; memory1:code_mem|Memory_rtl_0 ; RAM  ;
; ir[9]~reg0    ; memory1:code_mem|Memory_rtl_0 ; RAM  ;
; ir[10]~reg0   ; memory1:code_mem|Memory_rtl_0 ; RAM  ;
; ir[11]~reg0   ; memory1:code_mem|Memory_rtl_0 ; RAM  ;
; ir[12]~reg0   ; memory1:code_mem|Memory_rtl_0 ; RAM  ;
; ir[13]~reg0   ; memory1:code_mem|Memory_rtl_0 ; RAM  ;
; ir[14]~reg0   ; memory1:code_mem|Memory_rtl_0 ; RAM  ;
; ir[15]~reg0   ; memory1:code_mem|Memory_rtl_0 ; RAM  ;
+---------------+-------------------------------+------+


+------------------------------------------------------------------------------------------------------------------------------------------+
; Multiplexer Restructuring Statistics (Restructuring Performed)                                                                           ;
+--------------------+-----------+---------------+----------------------+------------------------+------------+----------------------------+
; Multiplexer Inputs ; Bus Width ; Baseline Area ; Area if Restructured ; Saving if Restructured ; Registered ; Example Multiplexer Output ;
+--------------------+-----------+---------------+----------------------+------------------------+------------+----------------------------+
; 4:1                ; 16 bits   ; 32 LEs        ; 32 LEs               ; 0 LEs                  ; Yes        ; |stage1|pc[0]              ;
+--------------------+-----------+---------------+----------------------+------------------------+------------+----------------------------+


+------------------------------------------------------------------------------------------------+
; Source assignments for memory1:code_mem|altsyncram:Memory_rtl_0|altsyncram_2c81:auto_generated ;
+---------------------------------+--------------------+------+----------------------------------+
; Assignment                      ; Value              ; From ; To                               ;
+---------------------------------+--------------------+------+----------------------------------+
; OPTIMIZE_POWER_DURING_SYNTHESIS ; NORMAL_COMPILATION ; -    ; -                                ;
+---------------------------------+--------------------+------+----------------------------------+


+-------------------------------------------------------------------------------------------------------+
; Parameter Settings for Inferred Entity Instance: memory1:code_mem|altsyncram:Memory_rtl_0             ;
+------------------------------------+-------------------------------------------------+----------------+
; Parameter Name                     ; Value                                           ; Type           ;
+------------------------------------+-------------------------------------------------+----------------+
; BYTE_SIZE_BLOCK                    ; 8                                               ; Untyped        ;
; AUTO_CARRY_CHAINS                  ; ON                                              ; AUTO_CARRY     ;
; IGNORE_CARRY_BUFFERS               ; OFF                                             ; IGNORE_CARRY   ;
; AUTO_CASCADE_CHAINS                ; ON                                              ; AUTO_CASCADE   ;
; IGNORE_CASCADE_BUFFERS             ; OFF                                             ; IGNORE_CASCADE ;
; WIDTH_BYTEENA                      ; 1                                               ; Untyped        ;
; OPERATION_MODE                     ; ROM                                             ; Untyped        ;
; WIDTH_A                            ; 16                                              ; Untyped        ;
; WIDTHAD_A                          ; 7                                               ; Untyped        ;
; NUMWORDS_A                         ; 101                                             ; Untyped        ;
; OUTDATA_REG_A                      ; UNREGISTERED                                    ; Untyped        ;
; ADDRESS_ACLR_A                     ; NONE                                            ; Untyped        ;
; OUTDATA_ACLR_A                     ; NONE                                            ; Untyped        ;
; WRCONTROL_ACLR_A                   ; NONE                                            ; Untyped        ;
; INDATA_ACLR_A                      ; NONE                                            ; Untyped        ;
; BYTEENA_ACLR_A                     ; NONE                                            ; Untyped        ;
; WIDTH_B                            ; 1                                               ; Untyped        ;
; WIDTHAD_B                          ; 1                                               ; Untyped        ;
; NUMWORDS_B                         ; 1                                               ; Untyped        ;
; INDATA_REG_B                       ; CLOCK1                                          ; Untyped        ;
; WRCONTROL_WRADDRESS_REG_B          ; CLOCK1                                          ; Untyped        ;
; RDCONTROL_REG_B                    ; CLOCK1                                          ; Untyped        ;
; ADDRESS_REG_B                      ; CLOCK1                                          ; Untyped        ;
; OUTDATA_REG_B                      ; UNREGISTERED                                    ; Untyped        ;
; BYTEENA_REG_B                      ; CLOCK1                                          ; Untyped        ;
; INDATA_ACLR_B                      ; NONE                                            ; Untyped        ;
; WRCONTROL_ACLR_B                   ; NONE                                            ; Untyped        ;
; ADDRESS_ACLR_B                     ; NONE                                            ; Untyped        ;
; OUTDATA_ACLR_B                     ; NONE                                            ; Untyped        ;
; RDCONTROL_ACLR_B                   ; NONE                                            ; Untyped        ;
; BYTEENA_ACLR_B                     ; NONE                                            ; Untyped        ;
; WIDTH_BYTEENA_A                    ; 1                                               ; Untyped        ;
; WIDTH_BYTEENA_B                    ; 1                                               ; Untyped        ;
; RAM_BLOCK_TYPE                     ; AUTO                                            ; Untyped        ;
; BYTE_SIZE                          ; 8                                               ; Untyped        ;
; READ_DURING_WRITE_MODE_MIXED_PORTS ; DONT_CARE                                       ; Untyped        ;
; READ_DURING_WRITE_MODE_PORT_A      ; NEW_DATA_NO_NBE_READ                            ; Untyped        ;
; READ_DURING_WRITE_MODE_PORT_B      ; NEW_DATA_NO_NBE_READ                            ; Untyped        ;
; INIT_FILE                          ; db/RISC_pipelined.ram0_memory1_5f521577.hdl.mif ; Untyped        ;
; INIT_FILE_LAYOUT                   ; PORT_A                                          ; Untyped        ;
; MAXIMUM_DEPTH                      ; 0                                               ; Untyped        ;
; CLOCK_ENABLE_INPUT_A               ; NORMAL                                          ; Untyped        ;
; CLOCK_ENABLE_INPUT_B               ; NORMAL                                          ; Untyped        ;
; CLOCK_ENABLE_OUTPUT_A              ; NORMAL                                          ; Untyped        ;
; CLOCK_ENABLE_OUTPUT_B              ; NORMAL                                          ; Untyped        ;
; CLOCK_ENABLE_CORE_A                ; USE_INPUT_CLKEN                                 ; Untyped        ;
; CLOCK_ENABLE_CORE_B                ; USE_INPUT_CLKEN                                 ; Untyped        ;
; ENABLE_ECC                         ; FALSE                                           ; Untyped        ;
; ECC_PIPELINE_STAGE_ENABLED         ; FALSE                                           ; Untyped        ;
; WIDTH_ECCSTATUS                    ; 3                                               ; Untyped        ;
; DEVICE_FAMILY                      ; Cyclone IV E                                    ; Untyped        ;
; CBXI_PARAMETER                     ; altsyncram_2c81                                 ; Untyped        ;
+------------------------------------+-------------------------------------------------+----------------+
Note: In order to hide this table in the UI and the text report file, please set the "Show Parameter Settings in Synthesis Report" option in "Analysis and Synthesis Settings -> More Settings" to "Off".


+--------------------------------------------------------------------------------------+
; altsyncram Parameter Settings by Entity Instance                                     ;
+-------------------------------------------+------------------------------------------+
; Name                                      ; Value                                    ;
+-------------------------------------------+------------------------------------------+
; Number of entity instances                ; 1                                        ;
; Entity Instance                           ; memory1:code_mem|altsyncram:Memory_rtl_0 ;
;     -- OPERATION_MODE                     ; ROM                                      ;
;     -- WIDTH_A                            ; 16                                       ;
;     -- NUMWORDS_A                         ; 101                                      ;
;     -- OUTDATA_REG_A                      ; UNREGISTERED                             ;
;     -- WIDTH_B                            ; 1                                        ;
;     -- NUMWORDS_B                         ; 1                                        ;
;     -- ADDRESS_REG_B                      ; CLOCK1                                   ;
;     -- OUTDATA_REG_B                      ; UNREGISTERED                             ;
;     -- RAM_BLOCK_TYPE                     ; AUTO                                     ;
;     -- READ_DURING_WRITE_MODE_MIXED_PORTS ; DONT_CARE                                ;
+-------------------------------------------+------------------------------------------+


+----------------------------------------------+
; Port Connectivity Checks: "memory1:code_mem" ;
+------+-------+----------+--------------------+
; Port ; Type  ; Severity ; Details            ;
+------+-------+----------+--------------------+
; w    ; Input ; Info     ; Stuck at GND       ;
; din  ; Input ; Info     ; Stuck at GND       ;
+------+-------+----------+--------------------+


+------------------------------------------------------+
; Port Connectivity Checks: "ALU:pc_alu|MUX_4:mux_alu" ;
+------+-------+----------+----------------------------+
; Port ; Type  ; Severity ; Details                    ;
+------+-------+----------+----------------------------+
; x4   ; Input ; Info     ; Stuck at GND               ;
+------+-------+----------+----------------------------+


+----------------------------------------------------------------------------------------------------------------+
; Port Connectivity Checks: "ALU:pc_alu|subtractor_16bit:subtractor|adder_16bit:sub_add"                         ;
+------+--------+----------+-------------------------------------------------------------------------------------+
; Port ; Type   ; Severity ; Details                                                                             ;
+------+--------+----------+-------------------------------------------------------------------------------------+
; cout ; Output ; Info     ; Connected to dangling logic. Logic that only feeds a dangling port will be removed. ;
+------+--------+----------+-------------------------------------------------------------------------------------+


+--------------------------------------------------------------------------------------------------------------------+
; Port Connectivity Checks: "ALU:pc_alu|subtractor_16bit:subtractor|TwosCompliment:tc|adder_16bit:fa"                ;
+----------+--------+----------+-------------------------------------------------------------------------------------+
; Port     ; Type   ; Severity ; Details                                                                             ;
+----------+--------+----------+-------------------------------------------------------------------------------------+
; b[15..1] ; Input  ; Info     ; Stuck at GND                                                                        ;
; b[0]     ; Input  ; Info     ; Stuck at VCC                                                                        ;
; cout     ; Output ; Info     ; Connected to dangling logic. Logic that only feeds a dangling port will be removed. ;
+----------+--------+----------+-------------------------------------------------------------------------------------+


+--------------------------------------------------------------------------------------------------------------------+
; Port Connectivity Checks: "ALU:pc_alu"                                                                             ;
+----------+--------+----------+-------------------------------------------------------------------------------------+
; Port     ; Type   ; Severity ; Details                                                                             ;
+----------+--------+----------+-------------------------------------------------------------------------------------+
; b[15..1] ; Input  ; Info     ; Stuck at GND                                                                        ;
; b[0]     ; Input  ; Info     ; Stuck at VCC                                                                        ;
; op       ; Input  ; Info     ; Stuck at GND                                                                        ;
; c        ; Output ; Info     ; Connected to dangling logic. Logic that only feeds a dangling port will be removed. ;
; z        ; Output ; Info     ; Connected to dangling logic. Logic that only feeds a dangling port will be removed. ;
+----------+--------+----------+-------------------------------------------------------------------------------------+


+-----------------------------------------------------+
; Post-Synthesis Netlist Statistics for Top Partition ;
+-----------------------+-----------------------------+
; Type                  ; Count                       ;
+-----------------------+-----------------------------+
; boundary_port         ; 70                          ;
; cycloneiii_ff         ; 33                          ;
;     CLR SLD           ; 16                          ;
;     ENA               ; 17                          ;
; cycloneiii_lcell_comb ; 31                          ;
;     normal            ; 31                          ;
;         2 data inputs ; 2                           ;
;         3 data inputs ; 8                           ;
;         4 data inputs ; 21                          ;
; cycloneiii_ram_block  ; 16                          ;
;                       ;                             ;
; Max LUT depth         ; 6.00                        ;
; Average LUT depth     ; 1.81                        ;
+-----------------------+-----------------------------+


+-------------------------------+
; Elapsed Time Per Partition    ;
+----------------+--------------+
; Partition Name ; Elapsed Time ;
+----------------+--------------+
; Top            ; 00:00:00     ;
+----------------+--------------+


+-------------------------------+
; Analysis & Synthesis Messages ;
+-------------------------------+
Info: *******************************************************************
Info: Running Quartus Prime Analysis & Synthesis
    Info: Version 18.1.0 Build 625 09/12/2018 SJ Lite Edition
    Info: Processing started: Sun Nov  3 03:02:04 2019
Info: Command: quartus_map --read_settings_files=on --write_settings_files=off RISC_pipelined -c RISC_pipelined
Warning (18236): Number of processors has not been specified which may cause overloading on shared machines.  Set the global assignment NUM_PARALLEL_PROCESSORS in your QSF to an appropriate value for best performance.
Info (20030): Parallel compilation is enabled and will use 2 of the 2 processors detected
Info (12021): Found 13 design units, including 6 entities, in source file codes/ALU.vhdl
    Info (12022): Found design unit 1: project File: /home/parth/RISCwithPipelining/codes/ALU.vhdl Line: 6
    Info (12022): Found design unit 2: adder_16bit-Equations File: /home/parth/RISCwithPipelining/codes/ALU.vhdl Line: 58
    Info (12022): Found design unit 3: nand_16bit-Equations File: /home/parth/RISCwithPipelining/codes/ALU.vhdl Line: 88
    Info (12022): Found design unit 4: subtractor_16bit-Equations File: /home/parth/RISCwithPipelining/codes/ALU.vhdl Line: 113
    Info (12022): Found design unit 5: MUX_4-arch File: /home/parth/RISCwithPipelining/codes/ALU.vhdl Line: 145
    Info (12022): Found design unit 6: TwosCompliment-arch File: /home/parth/RISCwithPipelining/codes/ALU.vhdl Line: 170
    Info (12022): Found design unit 7: ALU-arch File: /home/parth/RISCwithPipelining/codes/ALU.vhdl Line: 206
    Info (12023): Found entity 1: adder_16bit File: /home/parth/RISCwithPipelining/codes/ALU.vhdl Line: 50
    Info (12023): Found entity 2: nand_16bit File: /home/parth/RISCwithPipelining/codes/ALU.vhdl Line: 82
    Info (12023): Found entity 3: subtractor_16bit File: /home/parth/RISCwithPipelining/codes/ALU.vhdl Line: 107
    Info (12023): Found entity 4: MUX_4 File: /home/parth/RISCwithPipelining/codes/ALU.vhdl Line: 138
    Info (12023): Found entity 5: TwosCompliment File: /home/parth/RISCwithPipelining/codes/ALU.vhdl Line: 164
    Info (12023): Found entity 6: ALU File: /home/parth/RISCwithPipelining/codes/ALU.vhdl Line: 197
Info (12021): Found 2 design units, including 1 entities, in source file codes/stage6.vhd
    Info (12022): Found design unit 1: stage6-behave File: /home/parth/RISCwithPipelining/codes/stage6.vhd Line: 37
    Info (12023): Found entity 1: stage6 File: /home/parth/RISCwithPipelining/codes/stage6.vhd Line: 6
Info (12021): Found 2 design units, including 1 entities, in source file codes/stage5.vhd
    Info (12022): Found design unit 1: stage5-behave File: /home/parth/RISCwithPipelining/codes/stage5.vhd Line: 59
    Info (12023): Found entity 1: stage5 File: /home/parth/RISCwithPipelining/codes/stage5.vhd Line: 6
Info (12021): Found 2 design units, including 1 entities, in source file codes/stage4.vhd
    Info (12022): Found design unit 1: stage4-behav File: /home/parth/RISCwithPipelining/codes/stage4.vhd Line: 65
    Info (12023): Found entity 1: stage4 File: /home/parth/RISCwithPipelining/codes/stage4.vhd Line: 6
Info (12021): Found 2 design units, including 1 entities, in source file codes/stage3.vhd
    Info (12022): Found design unit 1: stage3-behave File: /home/parth/RISCwithPipelining/codes/stage3.vhd Line: 87
    Info (12023): Found entity 1: stage3 File: /home/parth/RISCwithPipelining/codes/stage3.vhd Line: 5
Info (12021): Found 2 design units, including 1 entities, in source file codes/stage2.vhd
    Info (12022): Found design unit 1: stage2-behave File: /home/parth/RISCwithPipelining/codes/stage2.vhd Line: 55
    Info (12023): Found entity 1: stage2 File: /home/parth/RISCwithPipelining/codes/stage2.vhd Line: 5
Info (12021): Found 2 design units, including 1 entities, in source file codes/stage1.vhd
    Info (12022): Found design unit 1: stage1-behave File: /home/parth/RISCwithPipelining/codes/stage1.vhd Line: 18
    Info (12023): Found entity 1: stage1 File: /home/parth/RISCwithPipelining/codes/stage1.vhd Line: 6
Info (12021): Found 2 design units, including 1 entities, in source file codes/shifter.vhd
    Info (12022): Found design unit 1: shifter-kahipan File: /home/parth/RISCwithPipelining/codes/shifter.vhd Line: 9
    Info (12023): Found entity 1: shifter File: /home/parth/RISCwithPipelining/codes/shifter.vhd Line: 6
Info (12021): Found 2 design units, including 1 entities, in source file codes/risc_pipelining.vhd
    Info (12022): Found design unit 1: risc_pipelining-behave File: /home/parth/RISCwithPipelining/codes/risc_pipelining.vhd Line: 17
    Info (12023): Found entity 1: risc_pipelining File: /home/parth/RISCwithPipelining/codes/risc_pipelining.vhd Line: 6
Info (12021): Found 4 design units, including 2 entities, in source file codes/reg_file.vhd
    Info (12022): Found design unit 1: reg_file-behave File: /home/parth/RISCwithPipelining/codes/reg_file.vhd Line: 26
    Info (12022): Found design unit 2: reg_file_wrap-behave File: /home/parth/RISCwithPipelining/codes/reg_file.vhd Line: 146
    Info (12023): Found entity 1: reg_file File: /home/parth/RISCwithPipelining/codes/reg_file.vhd Line: 6
    Info (12023): Found entity 2: reg_file_wrap File: /home/parth/RISCwithPipelining/codes/reg_file.vhd Line: 127
Info (12021): Found 4 design units, including 2 entities, in source file codes/memory.vhd
    Info (12022): Found design unit 1: memory1-Form File: /home/parth/RISCwithPipelining/codes/memory.vhd Line: 18
    Info (12022): Found design unit 2: memory2-Form File: /home/parth/RISCwithPipelining/codes/memory.vhd Line: 65
    Info (12023): Found entity 1: memory1 File: /home/parth/RISCwithPipelining/codes/memory.vhd Line: 9
    Info (12023): Found entity 2: memory2 File: /home/parth/RISCwithPipelining/codes/memory.vhd Line: 57
Info (12021): Found 2 design units, including 1 entities, in source file codes/lm_sm_fsm.vhd
    Info (12022): Found design unit 1: controller-atrangi File: /home/parth/RISCwithPipelining/codes/lm_sm_fsm.vhd Line: 33
    Info (12023): Found entity 1: controller File: /home/parth/RISCwithPipelining/codes/lm_sm_fsm.vhd Line: 5
Info (12127): Elaborating entity "stage1" for the top level hierarchy
Info (12128): Elaborating entity "ALU" for hierarchy "ALU:pc_alu" File: /home/parth/RISCwithPipelining/codes/stage1.vhd Line: 49
Info (12128): Elaborating entity "adder_16bit" for hierarchy "ALU:pc_alu|adder_16bit:add" File: /home/parth/RISCwithPipelining/codes/ALU.vhdl Line: 211
Info (12128): Elaborating entity "subtractor_16bit" for hierarchy "ALU:pc_alu|subtractor_16bit:subtractor" File: /home/parth/RISCwithPipelining/codes/ALU.vhdl Line: 214
Warning (10036): Verilog HDL or VHDL warning at ALU.vhdl(116): object "C_trash" assigned a value but never read File: /home/parth/RISCwithPipelining/codes/ALU.vhdl Line: 116
Info (12128): Elaborating entity "TwosCompliment" for hierarchy "ALU:pc_alu|subtractor_16bit:subtractor|TwosCompliment:tc" File: /home/parth/RISCwithPipelining/codes/ALU.vhdl Line: 120
Info (12128): Elaborating entity "nand_16bit" for hierarchy "ALU:pc_alu|nand_16bit:nand1" File: /home/parth/RISCwithPipelining/codes/ALU.vhdl Line: 217
Info (12128): Elaborating entity "MUX_4" for hierarchy "ALU:pc_alu|MUX_4:mux_alu" File: /home/parth/RISCwithPipelining/codes/ALU.vhdl Line: 220
Info (12128): Elaborating entity "memory1" for hierarchy "memory1:code_mem" File: /home/parth/RISCwithPipelining/codes/stage1.vhd Line: 57
Info (19000): Inferred 1 megafunctions from design logic
    Info (276029): Inferred altsyncram megafunction from the following design logic: "memory1:code_mem|Memory_rtl_0" 
        Info (286033): Parameter OPERATION_MODE set to ROM
        Info (286033): Parameter WIDTH_A set to 16
        Info (286033): Parameter WIDTHAD_A set to 7
        Info (286033): Parameter NUMWORDS_A set to 101
        Info (286033): Parameter OUTDATA_REG_A set to UNREGISTERED
        Info (286033): Parameter ADDRESS_ACLR_A set to NONE
        Info (286033): Parameter OUTDATA_ACLR_A set to NONE
        Info (286033): Parameter INDATA_ACLR_A set to NONE
        Info (286033): Parameter WRCONTROL_ACLR_A set to NONE
        Info (286033): Parameter INIT_FILE set to db/RISC_pipelined.ram0_memory1_5f521577.hdl.mif
Info (12130): Elaborated megafunction instantiation "memory1:code_mem|altsyncram:Memory_rtl_0"
Info (12133): Instantiated megafunction "memory1:code_mem|altsyncram:Memory_rtl_0" with the following parameter:
    Info (12134): Parameter "OPERATION_MODE" = "ROM"
    Info (12134): Parameter "WIDTH_A" = "16"
    Info (12134): Parameter "WIDTHAD_A" = "7"
    Info (12134): Parameter "NUMWORDS_A" = "101"
    Info (12134): Parameter "OUTDATA_REG_A" = "UNREGISTERED"
    Info (12134): Parameter "ADDRESS_ACLR_A" = "NONE"
    Info (12134): Parameter "OUTDATA_ACLR_A" = "NONE"
    Info (12134): Parameter "INDATA_ACLR_A" = "NONE"
    Info (12134): Parameter "WRCONTROL_ACLR_A" = "NONE"
    Info (12134): Parameter "INIT_FILE" = "db/RISC_pipelined.ram0_memory1_5f521577.hdl.mif"
Info (12021): Found 1 design units, including 1 entities, in source file db/altsyncram_2c81.tdf
    Info (12023): Found entity 1: altsyncram_2c81 File: /home/parth/RISCwithPipelining/db/altsyncram_2c81.tdf Line: 27
Info (286030): Timing-Driven Synthesis is running
Info (16010): Generating hard_block partition "hard_block:auto_generated_inst"
    Info (16011): Adding 0 node(s), including 0 DDIO, 0 PLL, 0 transceiver and 0 LCELL
Info (21057): Implemented 134 device resources after synthesis - the final resource count might be different
    Info (21058): Implemented 37 input pins
    Info (21059): Implemented 33 output pins
    Info (21061): Implemented 48 logic cells
    Info (21064): Implemented 16 RAM segments
Info: Quartus Prime Analysis & Synthesis was successful. 0 errors, 2 warnings
    Info: Peak virtual memory: 1002 megabytes
    Info: Processing ended: Sun Nov  3 03:02:17 2019
    Info: Elapsed time: 00:00:13
    Info: Total CPU time (on all processors): 00:00:30


